╭───────────────╮╭────────────╮                                                                       
│  Planner ✓ ✓  ││  Worker ✓  │───────────────────────────────────────────────────────────────────    
╭──────────────────────────────────────────────────────────────────────────────────────────────────╮  
│                                                                                                  │  
│                                                                                                  │  
│                                                                                                  │  
│                                                                                                  │  
│                                                                                                  │  
│                                                                                                  │  
│                                                                                                  │  
│                                                                                                  │  
│                                                                                                  │  
│                                                                                                  │  
│                                                                                                  │  
│                                                                                                  │  
│                                                                                                  │  
│                                                                                                  │  
│                                                                                                  │  
│                                                                                                  │  
│                                                                                                  │  
│                                                                                                  │  
│                                                                                                  │  
│                                                                                                  │  
│                                                                                                  │  
│                                                                                                  │  
│                                                                                                  │  
│                                                                                                  │  
│                                                                                                  │  
│                                                                                                  │  
│                                                                                                  │  
│                                                                                                  │  
│                                                                                                  │  
│                                                                                                  │  
│                                                                                                  │  
│                                                                                                  │  
│                                                                                                  │  
│                                                                                                  │  
│✓ Complete                                                                                        │  
╰──────────────────────────────────────────────────────────────────────────────────────────────────╯  
╭────────────────────────────────────────────────────────────────────────────────────────────────────╮
│> > type a prompt or /command...                                                                    │
│  /help  /logs  /status  /quit  /clear  ctrl+j/k focus                                              │
╰────────────────────────────────────────────────────────────────────────────────────────────────────╯